

BLOCK
=====
Original File Name: None
Encrypted File Name: None
Attribute: administrator
Keywords: t
Owner: josh
Storage Path: None
Upload Time: 2024-12-24 15:43:57
BLOCK
=====

BLOCK
=====
Original File Name: None
Encrypted File Name: None
Attribute: administrator
Keywords: testtxt
Owner: josh
Storage Path: None
Upload Time: 2024-12-25 13:39:29
BLOCK
=====

BLOCK
=====
Original File Name: None
Encrypted File Name: None
Attribute: administrator
Keywords: testfile
Owner: josh
Storage Path: None
Upload Time: 2024-12-25 13:49:33
BLOCK
=====

BLOCK
=====
Original File Name: None
Encrypted File Name: None
Attribute: administrator
Keywords: tf
Owner: josh
Storage Path: None
Upload Time: 2024-12-25 13:58:58
BLOCK
=====

BLOCK
=====
Original File Name: None
Encrypted File Name: None
Attribute: administrator
Keywords: tf
Owner: josh
Storage Path: None
Upload Time: 2024-12-25 14:04:01
BLOCK
=====

BLOCK
=====
Original File Name: None
Encrypted File Name: None
Attribute: administrator
Keywords: e
Owner: josh
Storage Path: None
Upload Time: 2024-12-25 14:07:39
BLOCK
=====

BLOCK
=====
Original File Name: None
Encrypted File Name: None
Attribute: administrator
Keywords: dsafasfsa
Owner: josh
Storage Path: None
Upload Time: 2025-03-20 15:37:25
BLOCK
=====
